// Vitest Snapshot v1, https://vitest.dev/guide/snapshot.html

exports[`Footer component tests > should match the footer component snapshot > 
            <p class="copyright">&copy; 
                <a href="https://www.linkedin.com/in/jo%C3%A3o-saraiva-ab662b197/">
                    João Saraiva - 2024
                </a>
            </p>   
             1`] = `"©  João Saraiva - 2024"`;
