// Vitest Snapshot v1, https://vitest.dev/guide/snapshot.html

exports[`Navigation component tests > should match the snapshot and have a total of 3 links 1`] = `
"<nav>
  <ul role="navigation" class="nav-list">
    <li>
      <router-link-stub to="/" class="app-logo-link"></router-link-stub>
    </li>
    <li>
      <form class="search-container"><input type="text" placeholder="Search..." class="search-input" value=""><button class="search-button"><svg xmlns="http://www.w3.org/2000/svg" width="12" height="12" viewBox="0 0 24 24" fill="none" stroke="black" stroke-width="2" stroke-linecap="round" stroke-linejoin="round" class="ai ai-Search">
            <path d="M21 21l-4.486-4.494M19 10.5a8.5 8.5 0 1 1-17 0 8.5 8.5 0 0 1 17 0z"></path>
          </svg></button></form>
    </li>
    <li class="social-media-list"><a class="social-media-link" href="https://x.com/JohnnySaraiva00"><svg xmlns="http://www.w3.org/2000/svg" width="20" height="20" viewBox="0 0 24 24" fill="white" class="ai ai-TwitterFill">
          <path d="M23.643 4.937c-.835.37-1.732.62-2.675.733a4.67 4.67 0 0 0 2.048-2.578 9.3 9.3 0 0 1-2.958 1.13 4.66 4.66 0 0 0-7.938 4.25 13.229 13.229 0 0 1-9.602-4.868c-.4.69-.63 1.49-.63 2.342A4.66 4.66 0 0 0 3.96 9.824a4.647 4.647 0 0 1-2.11-.583v.06a4.66 4.66 0 0 0 3.737 4.568 4.692 4.692 0 0 1-2.104.08 4.661 4.661 0 0 0 4.352 3.234 9.348 9.348 0 0 1-5.786 1.995 9.5 9.5 0 0 1-1.112-.065 13.175 13.175 0 0 0 7.14 2.093c8.57 0 13.255-7.098 13.255-13.254 0-.2-.005-.402-.014-.602a9.47 9.47 0 0 0 2.323-2.41l.002-.003z"></path>
        </svg></a><a class="social-media-link" href="https://www.linkedin.com/in/jo%C3%A3o-saraiva-ab662b197/"><svg stroke-width="1" width="20" height="20" viewBox="0 0 24 24" fill="white" xmlns="http://www.w3.org/2000/svg">
          <g id="SVGRepo_bgCarrier"></g>
          <g id="SVGRepo_tracerCarrier"></g>
          <g id="SVGRepo_iconCarrier">
            <path d="M22 3.47059V20.5294C22 20.9194 21.845 21.2935 21.5692 21.5693C21.2935 21.8451 20.9194 22 20.5294 22H3.47056C3.08053 22 2.70648 21.8451 2.43069 21.5693C2.15491 21.2935 1.99997 20.9194 1.99997 20.5294V3.47059C1.99997 3.08056 2.15491 2.70651 2.43069 2.43073C2.70648 2.15494 3.08053 2 3.47056 2H20.5294C20.9194 2 21.2935 2.15494 21.5692 2.43073C21.845 2.70651 22 3.08056 22 3.47059V3.47059ZM7.88232 9.64706H4.94115V19.0588H7.88232V9.64706ZM8.14703 6.41176C8.14858 6.18929 8.10629 5.96869 8.02258 5.76255C7.93888 5.55642 7.81539 5.36879 7.65916 5.21039C7.50294 5.05198 7.31705 4.92589 7.1121 4.83933C6.90715 4.75277 6.68715 4.70742 6.46468 4.70588H6.41173C5.95931 4.70588 5.52541 4.88561 5.20549 5.20552C4.88558 5.52544 4.70585 5.95934 4.70585 6.41176C4.70585 6.86419 4.88558 7.29809 5.20549 7.61801C5.52541 7.93792 5.95931 8.11765 6.41173 8.11765V8.11765C6.63423 8.12312 6.85562 8.0847 7.06325 8.00458C7.27089 7.92447 7.46071 7.80422 7.62186 7.65072C7.78301 7.49722 7.91234 7.31346 8.00245 7.10996C8.09256 6.90646 8.14169 6.6872 8.14703 6.46471V6.41176ZM19.0588 13.3412C19.0588 10.5118 17.2588 9.41177 15.4706 9.41177C14.8851 9.38245 14.3021 9.50715 13.7798 9.77345C13.2576 10.0397 12.8142 10.4383 12.4941 10.9294H12.4117V9.64706H9.64703V19.0588H12.5882V14.0529C12.5457 13.5403 12.7072 13.0315 13.0376 12.6372C13.368 12.2429 13.8407 11.9949 14.3529 11.9471H14.4647C15.4 11.9471 16.0941 12.5353 16.0941 14.0176V19.0588H19.0353L19.0588 13.3412Z"></path>
          </g>
        </svg></a><a class="social-media-link" href="https://github.com/Johnnydev001"><svg xmlns="http://www.w3.org/2000/svg" width="20" height="20" viewBox="0 0 24 24" fill="white" class="ai ai-GithubFill">
          <g clip-path="url(#clip0_100_4)">
            <path fill-rule="evenodd" clip-rule="evenodd" d="M12 0C5.37 0 0 5.37 0 12c0 5.31 3.435 9.795 8.205 11.385.6.105.825-.255.825-.57 0-.285-.015-1.23-.015-2.235-3.015.555-3.795-.735-4.035-1.41-.135-.345-.72-1.41-1.23-1.695-.42-.225-1.02-.78-.015-.795.945-.015 1.62.87 1.845 1.23 1.08 1.815 2.805 1.305 3.495.99.105-.78.42-1.305.765-1.605-2.67-.3-5.46-1.335-5.46-5.925 0-1.305.465-2.385 1.23-3.225-.12-.3-.54-1.53.12-3.18 0 0 1.005-.315 3.3 1.23.96-.27 1.98-.405 3-.405s2.04.135 3 .405c2.295-1.56 3.3-1.23 3.3-1.23.66 1.65.24 2.88.12 3.18.765.84 1.23 1.905 1.23 3.225 0 4.605-2.805 5.625-5.475 5.925.435.375.81 1.095.81 2.22 0 1.605-.015 2.895-.015 3.3 0 .315.225.69.825.57A12.02 12.02 0 0 0 24 12c0-6.63-5.37-12-12-12z"></path>
          </g>
          <defs>
            <clipPath id="clip0_100_4">
              <rect width="24" height="24"></rect>
            </clipPath>
          </defs>
        </svg></a></li>
  </ul>
</nav>"
`;
